
> teamora-ph@0.1.0 build
> next build

Γû▓ Next.js 16.1.6 (Turbopack)
- Environments: .env.local

node.exe : ΓÜá The "middleware" file convention is 
deprecated. Please use "proxy" instead. Learn more: 
https://nextjs.org/docs/messages/middleware-to-proxy
At line:1 char:1
+ & "C:\Program Files\nodejs/node.exe" "C:\Program 
Files\nodejs/node_mo ...
+ ~~~~~~~~~~~~~~~~~~~~~~~~~~~~~~~~~~~~~~~~~~~~~~~~~~~~~~~~~~~~
~~~~~~~~~
    + CategoryInfo          : NotSpecified: (ΓÜá The "middle. 
   ..leware-to-proxy:String) [], RemoteException
    + FullyQualifiedErrorId : NativeCommandError
 
  Creating an optimized production build ...
Γ£ô Compiled successfully in 3.6s
  Running TypeScript ...
Failed to compile.

./src/app/(admin)/admin/settings/page.tsx:109:30
Type error: Cannot find name 'AlertTriangle'.

[0m [90m 107 |[39m                     
[33m<[39m[33mCardContent[39m 
className[33m=[39m[32m"p-8 space-y-4"[39m[33m>[39m
 [90m 108 |[39m                         
[33m<[39m[33mdiv[39m 
className[33m=[39m[32m"bg-amber-50 border border-amber-200 
p-4 rounded-2xl flex items-start gap-3"[39m[33m>[39m
[31m[1m>[22m[39m[90m 109 |[39m                          
   [33m<[39m[33mAlertTriangle[39m 
className[33m=[39m[32m"w-5 h-5 text-amber-600 shrink-0 
mt-0.5"[39m [33m/[39m[33m>[39m
 [90m     |[39m                              
[31m[1m^[22m[39m
 [90m 110 |[39m                             
[33m<[39m[33mdiv[39m[33m>[39m
 [90m 111 |[39m                                 
[33m<[39m[33mp[39m className[33m=[39m[32m"text-sm 
font-black text-amber-900"[39m[33m>[39m[33mAdvanced[39m 
[33mMode[39m 
[33mRequired[39m[33m<[39m[33m/[39m[33mp[39m[33m>[39m
 [90m 112 |[39m                                 
[33m<[39m[33mp[39m className[33m=[39m[32m"text-xs 
font-bold text-amber-700/70"[39m[33m>[39m[33mThese[39m 
settings require high[33m-[39mlevel clearance and may 
affect platform availability[33m.[39m[33m<[39m[33m/[39m
[33mp[39m[33m>[39m[0m
Next.js build worker exited with code: 1 and signal: null
